// Jest Snapshot v1, https://goo.gl/fbAQLP

exports[`Header should match snapshot 1`] = `
.emotion-0 {
  box-sizing: border-box;
  margin: 0;
  min-width: 0;
  width: 100%;
  max-width: container;
  margin-left: auto;
  margin-right: auto;
  max-width: 1024px;
  margin-left: auto;
  margin-right: auto;
  padding-top: 16px;
  padding-bottom: 16px;
  padding-left: 32px;
  padding-right: 32px;
}

.emotion-1 {
  box-sizing: border-box;
  margin: 0;
  min-width: 0;
  display: -webkit-box;
  display: -webkit-flex;
  display: -ms-flexbox;
  display: flex;
}

.emotion-2 {
  box-sizing: border-box;
  margin: 0;
  min-width: 0;
  color: inherit;
  -webkit-text-decoration: none;
  text-decoration: none;
  font-weight: bold;
  display: inline-block;
  font-family: system-ui,-apple-system,BlinkMacSystemFont,"Segoe UI",Roboto,"Helvetica Neue",sans-serif;
  padding: 8px;
}

.emotion-2:hover,
.emotion-2:focus,
.emotion-2.active {
  color: var(--theme-ui-colors-primary);
}

.emotion-5 {
  box-sizing: border-box;
  margin: 0;
  min-width: 0;
  -webkit-appearance: none;
  -moz-appearance: none;
  -ms-appearance: none;
  appearance: none;
  display: inline-block;
  text-align: center;
  line-height: inherit;
  -webkit-text-decoration: none;
  text-decoration: none;
  font-size: inherit;
  padding-left: 16px;
  padding-right: 16px;
  padding-top: 8px;
  padding-bottom: 8px;
  color: white;
  background-color: var(--theme-ui-colors-primary);
  border: 0;
  border-radius: 4px;
  cursor: pointer;
  -webkit-transition: background .15s;
  transition: background .15s;
  margin-left: auto;
}

.emotion-5:hover {
  background-color: var(--theme-ui-colors-secondary);
}

<div>
  <header
    class="emotion-0"
  >
    <nav
      class="emotion-1"
    >
      <a
        class="emotion-2"
        href="/"
      >
        Home
      </a>
      <a
        class="emotion-2"
        href="/charts"
      >
        Charts
      </a>
      <a
        class="emotion-2"
        href="/spring-playground"
      >
        Spring Playground
      </a>
      <button
        class="emotion-5"
      >
        Light
      </button>
    </nav>
  </header>
</div>
`;
